INFO - visualization.manuscript_figures -   🗑️  Cleared stale output: output/figures/
INFO - visualization.manuscript_figures -   🗑️  Cleared stale output: output/data/
INFO - visualization.manuscript_figures -   ✅ Output directories initialised (clean slate)
INFO - visualization.manuscript_figures - ======================================================================
INFO - visualization.manuscript_figures -   Ento-Linguistic Research Figure Generation Pipeline
INFO - visualization.manuscript_figures - ======================================================================
INFO - visualization.manuscript_figures -   Output: /Volumes/GitVault/Local/worktrees/ento_linguistics-v1.3.1/output
INFO - visualization.manuscript_figures -   Corpus: 7599 real abstracts
INFO - visualization.manuscript_figures - 
INFO - visualization.manuscript_figures - ▶ Running analysis pipeline...
INFO - visualization.manuscript_figures - Step 1/4: Processing text corpus...
INFO - visualization.manuscript_figures -   Corpus: 7599 documents, 998645 tokens
INFO - visualization.manuscript_figures - Step 2/4: Extracting terminology...
INFO - visualization.manuscript_figures -   Extracted 11700 terms across 6 domains
INFO - visualization.manuscript_figures - Step 3/4: Building concept map...
INFO - visualization.manuscript_figures -   6 concepts, 15 relationships
INFO - visualization.manuscript_figures - Step 4/4: Analyzing domains...
INFO - visualization.manuscript_figures - 
INFO - visualization.manuscript_figures - ▶ Generating figures...
INFO - visualization.manuscript_figures - ▶ Building statistical analysis artifact...
INFO - visualization.manuscript_figures -   ✅ statistical_analysis.json: 15 pairwise tests, 0 skipped
INFO - visualization.manuscript_figures - ▶ Building full-text analysis artifact...
INFO - visualization.manuscript_figures -   ✅ fulltext_analysis.json: 6997 documents, 15 pairwise tests, 0 skipped
INFO - visualization.manuscript_figures - Rebuilding auxiliary layer: arxiv_analysis.png (61 documents)
INFO - visualization.manuscript_figures - Rebuilding auxiliary layer: bhl_term_usage.png (2430 documents)
