[2026-04-15 15:00:05,000] [INFO] ✓ Stage 1 completed successfully (0.0s)
[2026-04-15 15:00:05,000] [INFO] 
[2026-04-15 15:00:05,000] [INFO] [2/8] Environment Setup (25% complete)
[2026-04-15 15:00:05,000] [INFO]   Elapsed: 0s | ETA: 0s
[2026-04-15 15:00:05,000] [INFO] ━━━━━━━━━━━━━━━━━━━━━━━━━━━━━━━━━━━━━━━━━━━━━━
[2026-04-15 15:00:08,042] [INFO] ✓ Stage 2 completed successfully (3.0s)
[2026-04-15 15:00:08,043] [INFO] 
[2026-04-15 15:00:08,043] [INFO] [3/8] Project Tests (37% complete)
[2026-04-15 15:00:08,043] [INFO]   Elapsed: 3s | ETA: 5s
[2026-04-15 15:00:08,043] [INFO] ━━━━━━━━━━━━━━━━━━━━━━━━━━━━━━━━━━━━━━━━━━━━━━
[2026-04-15 15:04:33,471] [INFO] ✓ Stage 3 completed successfully (265.4s)
[2026-04-15 15:04:33,472] [INFO] 
[2026-04-15 15:04:33,472] [INFO] [4/8] Project Analysis (50% complete)
[2026-04-15 15:04:33,472] [INFO]   Elapsed: 4m 28s | ETA: 4m 28s
[2026-04-15 15:04:33,472] [INFO] ━━━━━━━━━━━━━━━━━━━━━━━━━━━━━━━━━━━━━━━━━━━━━━
[2026-04-15 15:04:50,174] [INFO] ✓ Stage 4 completed successfully (16.7s)
[2026-04-15 15:04:50,175] [INFO] 
[2026-04-15 15:04:50,175] [INFO] [5/8] PDF Rendering (62% complete)
[2026-04-15 15:04:50,175] [INFO]   Elapsed: 4m 45s | ETA: 2m 51s
[2026-04-15 15:04:50,175] [INFO] ━━━━━━━━━━━━━━━━━━━━━━━━━━━━━━━━━━━━━━━━━━━━━━
[2026-04-15 15:05:18,061] [INFO] ✓ Stage 5 completed successfully (27.9s)
[2026-04-15 15:05:18,062] [INFO] 
[2026-04-15 15:05:18,062] [INFO] [6/8] Output Validation (75% complete)
[2026-04-15 15:05:18,062] [INFO]   Elapsed: 5m 13s | ETA: 1m 44s
[2026-04-15 15:05:18,062] [INFO] ━━━━━━━━━━━━━━━━━━━━━━━━━━━━━━━━━━━━━━━━━━━━━━
[2026-04-15 15:05:18,516] [INFO] ✓ Stage 6 completed successfully (0.5s)
[2026-04-15 15:05:18,517] [INFO] 
[2026-04-15 15:05:18,517] [INFO] [7/8] Copy Outputs (87% complete)
[2026-04-15 15:05:18,517] [INFO]   Elapsed: 5m 13s | ETA: 44s
[2026-04-15 15:05:18,517] [INFO] ━━━━━━━━━━━━━━━━━━━━━━━━━━━━━━━━━━━━━━━━━━━━━━
[2026-04-15 15:05:18,870] [INFO] ✓ Stage 7 completed successfully (0.4s)
