Regenerating network extension: Extension input changed: data/corpus/provenance.json
Reproduced 7599 documents, 100 terms, 4235 edges
Seed 42: 50/200 samples
Seed 42: 100/200 samples
Seed 42: 150/200 samples
Seed 42: 200/200 samples
Seed 43: 50/200 samples
Seed 43: 100/200 samples
Seed 43: 150/200 samples
Seed 43: 200/200 samples
Seed 44: 50/200 samples
Seed 44: 100/200 samples
Seed 44: 150/200 samples
Seed 44: 200/200 samples
Regenerating network extension: Extension input changed: data/corpus/provenance.json
Reproduced 7599 documents, 100 terms, 4235 edges
Seed 52: 50/100 samples
Seed 52: 100/100 samples
Seed 53: 50/100 samples
Seed 53: 100/100 samples
Seed 54: 50/100 samples
Seed 54: 100/100 samples
  Generated _title_page.tex (20 lines)
  Cover metadata: title='Ento-Linguistics: Language, Ambiguity, and Scienti...', 2 author(s), date='2026-10-08 – Version 1.3.0', doi=''
  Corpus template vars: 23830 variables loaded
    Publications=7599, Tokens=998645, Unique=47216
Step 1/5: Generating LaTeX source with Pandoc...
Command: pandoc /Volumes/GitVault/Local/worktrees/ento_linguistics-v1.3.1/output/pdf/temp_combined.md -o /Volumes/GitVault/Local/worktrees/ento_linguistics-v1.3.1/output/pdf/ento_linguistics_combined.tex --from=markdown+citations+raw_tex --standalone --include-in-header=/Volumes/GitVault/Local/worktrees/ento_linguistics-v1.3.1/docs/manuscript/preamble.tex --natbib --number-sections --toc --toc-depth=2 --variable geometry:margin=0.85in
  Post-processed: natbib options + red hyperlinks (hidelinks patch)
  LaTeX source generated: /Volumes/GitVault/Local/worktrees/ento_linguistics-v1.3.1/output/pdf/ento_linguistics_combined.tex
Step 2/5: Copied bibliography to build directory
Step 3/5: Running xelatex (pass 1)...
  xelatex pass 1...
Step 4/5: Running bibtex (resolving citations)...
  bibtex...
Step 5/5: Running xelatex (passes 2-3)...
  xelatex pass 2...
  xelatex pass 3...

PDF built successfully: /Volumes/GitVault/Local/worktrees/ento_linguistics-v1.3.1/output/pdf/ento_linguistics_combined.pdf (11.0 MB)
exit=0
