============================= test session starts ==============================
platform darwin -- Python 3.14.7, pytest-9.0.1, pluggy-1.6.0
rootdir: /Volumes/GitVault/Username/docxology/Public/ento_linguistics
configfile: pyproject.toml
plugins: xdist-3.8.0, pytest_httpserver-1.1.3, cov-7.0.0
collected 50 items

tests/test_nltk_resources.py ........                                    [ 16%]
tests/test_provenance.py .......                                         [ 30%]
tests/test_bhl_checkpoints.py .......                                    [ 44%]
tests/test_artifact_integrity.py ........                                [ 60%]
tests/test_review_controls.py ....................                       [100%]

=============================== warnings summary ===============================
tests/test_bhl_checkpoints.py::test_checkpointed_build_matches_independent_literal_counts
tests/test_bhl_checkpoints.py::test_changed_era_does_not_reuse_its_checkpoint
tests/test_bhl_checkpoints.py::test_tampered_completed_era_fails_instead_of_certifying_it
tests/test_bhl_checkpoints.py::test_development_checkpoint_cannot_satisfy_full_default
  /Volumes/GitVault/Username/docxology/Public/ento_linguistics/.venv/lib/python3.14/site-packages/sklearn/base.py:1336: ConvergenceWarning: Number of distinct clusters (3) found smaller than n_clusters (4). Possibly due to duplicate points in X.
    return fit_method(estimator, *args, **kwargs)

tests/test_bhl_checkpoints.py::test_checkpointed_build_matches_independent_literal_counts
tests/test_bhl_checkpoints.py::test_changed_era_does_not_reuse_its_checkpoint
tests/test_bhl_checkpoints.py::test_tampered_completed_era_fails_instead_of_certifying_it
tests/test_bhl_checkpoints.py::test_development_checkpoint_cannot_satisfy_full_default
  /Volumes/GitVault/Username/docxology/Public/ento_linguistics/.venv/lib/python3.14/site-packages/sklearn/base.py:1336: ConvergenceWarning: Number of distinct clusters (2) found smaller than n_clusters (4). Possibly due to duplicate points in X.
    return fit_method(estimator, *args, **kwargs)

tests/test_bhl_checkpoints.py::test_checkpointed_build_matches_independent_literal_counts
tests/test_bhl_checkpoints.py::test_changed_era_does_not_reuse_its_checkpoint
tests/test_bhl_checkpoints.py::test_tampered_completed_era_fails_instead_of_certifying_it
tests/test_bhl_checkpoints.py::test_development_checkpoint_cannot_satisfy_full_default
  /Volumes/GitVault/Username/docxology/Public/ento_linguistics/.venv/lib/python3.14/site-packages/sklearn/base.py:1336: ConvergenceWarning: Number of distinct clusters (1) found smaller than n_clusters (3). Possibly due to duplicate points in X.
    return fit_method(estimator, *args, **kwargs)

tests/test_bhl_checkpoints.py::test_checkpointed_build_matches_independent_literal_counts
tests/test_bhl_checkpoints.py::test_changed_era_does_not_reuse_its_checkpoint
tests/test_bhl_checkpoints.py::test_tampered_completed_era_fails_instead_of_certifying_it
tests/test_bhl_checkpoints.py::test_development_checkpoint_cannot_satisfy_full_default
  /Volumes/GitVault/Username/docxology/Public/ento_linguistics/.venv/lib/python3.14/site-packages/sklearn/base.py:1336: ConvergenceWarning: Number of distinct clusters (2) found smaller than n_clusters (3). Possibly due to duplicate points in X.
    return fit_method(estimator, *args, **kwargs)

tests/test_bhl_checkpoints.py::test_checkpointed_build_matches_independent_literal_counts
tests/test_bhl_checkpoints.py::test_changed_era_does_not_reuse_its_checkpoint
tests/test_bhl_checkpoints.py::test_tampered_completed_era_fails_instead_of_certifying_it
tests/test_bhl_checkpoints.py::test_development_checkpoint_cannot_satisfy_full_default
  /Volumes/GitVault/Username/docxology/Public/ento_linguistics/.venv/lib/python3.14/site-packages/sklearn/base.py:1336: ConvergenceWarning: Number of distinct clusters (4) found smaller than n_clusters (5). Possibly due to duplicate points in X.
    return fit_method(estimator, *args, **kwargs)

-- Docs: https://docs.pytest.org/en/stable/how-to/capture-warnings.html
======================= 50 passed, 20 warnings in 15.32s =======================
