1 unidentified
9 unidentified
18 unidentified
33 unidentified
53 unidentified
57 unidentified
62 unidentified
63 unidentified
66 unidentified
67 unidentified
76 unidentified
80 unidentified
89 unidentified
92 unidentified
96 unidentified
101 unidentified
103 unidentified
108 unidentified
112 unidentified
114 unidentified
126 unidentified
130 unidentified
133 unidentified
136 unidentified
137 unidentified
139 unidentified
147 unidentified
148 unidentified
153 unidentified
156 unidentified
167 unidentified
168 unidentified
175 unidentified
182 unidentified
186 unidentified
189 unidentified
194 unidentified
196 unidentified
206 unidentified
212 unidentified
213 unidentified
233 unidentified
235 unidentified
238 unidentified
251 unidentified
253 unidentified
256 unidentified
261 unidentified
262 unidentified
263 unidentified
267 unidentified
269 unidentified
280 unidentified
282 unidentified
284 unidentified
286 unidentified
289 unidentified
300 unidentified
307 unidentified
309 unidentified
311 unidentified
318 unidentified
325 unidentified
329 unidentified
332 unidentified
336 unidentified
342 unidentified
355 unidentified
367 unidentified
