1 unidentified
9 exact
18 exact
33 exact
53 exact
57 unidentified
62 exact
63 exact
66 exact
67 exact
76 exact
80 unidentified
89 exact
92 exact
96 exact
101 exact
103 exact
108 unidentified
112 exact
114 exact
126 exact
130 exact
133 exact
136 exact
137 exact
139 exact
147 exact
148 unidentified
153 exact
156 exact
167 exact
168 unidentified
175 exact
182 exact
186 exact
189 exact
194 exact
196 exact
206 exact
212 unidentified
213 exact
233 exact
235 unidentified
238 exact
251 exact
253 exact
256 exact
261 exact
262 exact
263 unidentified
267 unidentified
269 unidentified
280 unidentified
282 unidentified
284 exact
286 exact
289 exact
300 exact
307 exact
309 exact
311 unidentified
318 exact
325 exact
329 exact
332 exact
336 exact
342 exact
355 exact
367 exact
